// Jest Snapshot v1, https://jestjs.io/docs/snapshot-testing

exports[`HomePage matches snapshot 1`] = `
<div
  class="min-h-screen flex flex-col"
>
  <header
    class="w-full bg-gray-200 flex items-center justify-between px-6 py-4"
  >
    <div
      class="flex items-center"
    >
      <img
        alt="Evolution Stables Logo"
        height="40"
        src="/assets/Logo-Black.png"
        width="40"
      />
    </div>
    <nav
      class="text-center flex-1"
    >
      <span
        class="text-black font-medium"
      >
        Nav Bar
      </span>
    </nav>
    <div
      class="text-sm text-gray-700"
    >
      Get Started / Login
    </div>
  </header>
  <section
    class="relative w-full flex items-center justify-center h-screen bg-black text-gold"
    style="background-image: url("/assets/Horse-Double-Black.png"); background-size: cover; background-position: center; background-repeat: no-repeat;"
  >
    <h1
      class="text-3xl font-bold"
    >
      Hero
    </h1>
  </section>
  <section
    class="w-full py-section bg-gray-500 text-gold text-lg"
  >
    <div
      class="container"
    >
      Section1
    </div>
  </section>
  <section
    class="w-full py-section bg-gray-700 text-gold text-lg"
  >
    <div
      class="container"
    >
      Section2
    </div>
  </section>
  <section
    class="w-full py-section bg-gray-500 text-gold text-lg"
  >
    <div
      class="container"
    >
      Section3
    </div>
  </section>
  <section
    class="w-full py-section bg-gray-700 text-gold text-lg"
  >
    <div
      class="container"
    >
      Section4
    </div>
  </section>
  <section
    class="w-full py-section bg-gray-500 text-gold text-lg"
  >
    <div
      class="container"
    >
      CTA
    </div>
  </section>
  <footer
    class="w-full py-section bg-gray-700 text-gold text-lg text-center"
  >
    Footer
  </footer>
</div>
`;
