// Jest Snapshot v1, https://jestjs.io/docs/snapshot-testing

exports[`HomePage matches snapshot 1`] = `
<div
  class="min-h-screen flex flex-col"
>
  <header
    class="fixed top-0 w-full bg-black text-gold px-6 md:px-12 py-4 flex items-center justify-between z-50 border-b border-white/5"
  >
    <div
      class="flex items-center"
    >
      <img
        alt="Evolution Stables Logo"
        class="w-12 h-12"
        height="48"
        src="/assets/Logo-Gold.png"
        width="48"
      />
    </div>
    <nav
      aria-label="Main navigation"
      class="hidden md:flex items-center space-x-6"
    >
      <a
        class="text-gold font-ibm-plex font-medium hover:text-white transition-colors"
        href="/home"
      >
        Home
      </a>
      <a
        class="text-gold font-ibm-plex font-medium hover:text-white transition-colors"
        href="/about"
      >
        About
      </a>
      <a
        class="text-gold font-ibm-plex font-medium hover:text-white transition-colors"
        href="/tokinvest"
      >
        Tokinvest
      </a>
      <a
        class="text-gold font-ibm-plex font-medium hover:text-white transition-colors"
        href="/news"
      >
        News
      </a>
      <a
        class="text-gold font-ibm-plex font-medium hover:text-white transition-colors"
        href="/events"
      >
        Events
      </a>
      <a
        class="text-gold font-ibm-plex font-medium hover:text-white transition-colors"
        href="/contact"
      >
        Contact
      </a>
      <a
        class="text-gold font-ibm-plex font-medium hover:text-white transition-colors"
        href="/my-stables"
      >
        My Stables
      </a>
    </nav>
    <div
      class="md:hidden"
    >
      <button
        aria-label="Open menu"
        class="text-gold"
      >
        <svg
          class="w-6 h-6"
          fill="none"
          stroke="currentColor"
          viewBox="0 0 24 24"
        >
          <path
            d="M4 6h16M4 12h16M4 18h16"
            stroke-linecap="round"
            stroke-linejoin="round"
            stroke-width="2"
          />
        </svg>
      </button>
    </div>
    <div
      class="hidden md:flex items-center space-x-4"
    >
      <button
        class="text-gold font-ibm-plex font-medium hover:text-white transition-colors px-4 py-2"
      >
        Login
      </button>
      <button
        class="bg-gold text-black font-ibm-plex font-medium px-4 py-2 rounded hover:bg-opacity-90 transition-colors"
      >
        Sign Up
      </button>
    </div>
  </header>
  <section
    aria-label="Hero section with Evolution Stables branding"
    class="relative h-screen w-screen flex items-center justify-center"
    role="region"
    style="background-image: url("/assets/Horse-Double-Black.png"); background-size: cover; background-position: center; background-repeat: no-repeat;"
  >
    <div
      class="absolute inset-0 bg-black/50"
    />
    <img
      alt="Evolution Stables branded logo"
      class="relative z-10 w-[60%] max-w-[600px] h-auto drop-shadow-lg"
      src="/assets/ES-Branded-Gold.png"
    />
  </section>
  <div
    class="border-t border-gray-300"
  />
  <section
    aria-label="Section 1 placeholder"
    class="bg-black text-white aspect-[19/6] flex items-center justify-center"
    role="region"
  >
    <h2
      class="text-3xl md:text-5xl font-bw-gradual font-bold"
    >
      Section 1
    </h2>
  </section>
  <div
    class="border-t border-gray-300"
  />
  <section
    aria-label="Section 2 placeholder"
    class="bg-black text-white aspect-[19/6] flex items-center justify-center"
    role="region"
  >
    <h2
      class="text-3xl md:text-5xl font-bw-gradual font-bold"
    >
      Section 2
    </h2>
  </section>
  <div
    class="border-t border-gray-300"
  />
  <section
    aria-label="Call to action section"
    class="bg-black text-white aspect-[19/6] flex items-center justify-center"
    role="region"
  >
    <h2
      class="text-3xl md:text-5xl font-bw-gradual font-bold"
    >
      CTA
    </h2>
  </section>
  <div
    class="border-t border-gray-300"
  />
  <section
    aria-label="Footer section"
    class="bg-black text-white aspect-[19/6] flex items-center justify-center"
    role="region"
  >
    <h2
      class="text-3xl md:text-5xl font-bw-gradual font-bold"
    >
      Footer
    </h2>
  </section>
</div>
`;
