// Jest Snapshot v1, https://jestjs.io/docs/snapshot-testing

exports[`HomePage matches snapshot 1`] = `
<div
  class="min-h-screen flex flex-col"
>
  <section
    aria-label="Hero section with Evolution Stables branding"
    class="relative h-screen w-screen flex items-center justify-center"
    role="region"
    style="background-image: url("/assets/Horse-Double-Black.png"); background-size: cover; background-position: center; background-repeat: no-repeat;"
  >
    <div
      class="absolute inset-0 bg-black/50"
    />
    <img
      alt="Evolution Stables branded logo"
      class="relative z-10 w-[60%] max-w-[600px] h-auto drop-shadow-lg"
      height="400"
      src="/assets/ES-Branded-Gold.png"
      width="600"
    />
  </section>
  <div
    class="border-t border-gray-300"
  />
  <section
    aria-label="Section 1 placeholder"
    class="bg-black text-white aspect-[19/6] flex items-center justify-center"
    role="region"
  >
    <h2
      class="text-3xl md:text-5xl font-bw-gradual font-bold"
    >
      Section 1
    </h2>
  </section>
  <div
    class="border-t border-gray-300"
  />
  <section
    aria-label="Section 2 placeholder"
    class="bg-black text-white aspect-[19/6] flex items-center justify-center"
    role="region"
  >
    <h2
      class="text-3xl md:text-5xl font-bw-gradual font-bold"
    >
      Section 2
    </h2>
  </section>
  <div
    class="border-t border-gray-300"
  />
  <section
    aria-label="Call to action section"
    class="bg-black text-white aspect-[19/6] flex items-center justify-center"
    role="region"
  >
    <h2
      class="text-3xl md:text-5xl font-bw-gradual font-bold"
    >
      CTA
    </h2>
  </section>
  <div
    class="border-t border-gray-300"
  />
  <section
    aria-label="Footer section"
    class="bg-black text-white aspect-[19/6] flex items-center justify-center"
    role="region"
  >
    <h2
      class="text-3xl md:text-5xl font-bw-gradual font-bold"
    >
      Footer
    </h2>
  </section>
</div>
`;
